// Jest Snapshot v1, https://goo.gl/fbAQLP

exports[`Div renders 1`] = `
<div>
  test
</div>
`;

exports[`Modal renders 1`] = `
<div>
  <button
    onClick={[Function]}
  >
    Trigger Modal
  </button>
  <Modal
    ariaHideApp={true}
    bodyOpenClassName="ReactModal__Body--open"
    closeTimeoutMS={0}
    contentLabel="Minimal Modal Example"
    isOpen={false}
    parentSelector={[MockFunction]}
    portalClassName="ReactModalPortal"
    role="dialog"
    shouldCloseOnEsc={true}
    shouldCloseOnOverlayClick={true}
    shouldFocusAfterRender={true}
    shouldReturnFocusAfterClose={true}
  >
    <button
      onClick={[Function]}
    >
      Close Modal
    </button>
  </Modal>
</div>
`;
